repeated_patterns
├── 0_test (3 times)
│   └── data.txt
└── 3_test (2 times)
